../Core/Src/main.c:80:5:main	8	static
../Core/Src/main.c:131:6:SystemClock_Config	88	static
../Core/Src/main.c:179:13:MX_ADC1_Init	24	static
../Core/Src/main.c:240:13:MX_USART2_UART_Init	8	static
../Core/Src/main.c:271:13:MX_DMA_Init	16	static
../Core/Src/main.c:289:13:MX_GPIO_Init	48	static
../Core/Src/main.c:324:6:HAL_ADC_ConvCpltCallback	16	static
../Core/Src/main.c:343:6:HAL_UART_TxCpltCallback	16	static
../Core/Src/main.c:350:6:HAL_UART_RxCpltCallback	16	static
../Core/Src/main.c:376:6:Error_Handler	4	static,ignoring_inline_asm
